Copyright 1986-2022 Xilinx, Inc. All Rights Reserved. Copyright 2022-2025 Advanced Micro Devices, Inc. All Rights Reserved.
--------------------------------------------------------------------------------------------------------------------------------------------------------------------------------------
| Tool Version : Vivado v.2025.2 (win64) Build 6299465 Fri Nov 14 19:35:11 GMT 2025
| Date         : Mon Aug  3 06:21:47 2026
| Host         : DESKTOP-QFAH4LL running 64-bit major release  (build 9200)
| Command      : report_methodology -file design_1_wrapper_methodology_drc_routed.rpt -pb design_1_wrapper_methodology_drc_routed.pb -rpx design_1_wrapper_methodology_drc_routed.rpx
| Design       : design_1_wrapper
| Device       : xczu7ev-ffvc1156-2-e
| Speed File   : -2
| Design State : Fully Routed
--------------------------------------------------------------------------------------------------------------------------------------------------------------------------------------

Report Methodology

Table of Contents
-----------------
1. REPORT SUMMARY
2. REPORT DETAILS

1. REPORT SUMMARY
-----------------
            Netlist: netlist
          Floorplan: design_1
      Design limits: <entire design considered>
             Max checks: <unlimited>
             Checks found: 17
+-----------+------------------+----------------------------------------------------+--------+
| Rule      | Severity         | Description                                        | Checks |
+-----------+------------------+----------------------------------------------------+--------+
| TIMING-2  | Critical Warning | Invalid primary clock source pin                   | 1      |
| TIMING-4  | Critical Warning | Invalid primary clock redefinition on a clock tree | 1      |
| LUTAR-1   | Warning          | LUT drives async reset alert                       | 12     |
| TIMING-18 | Warning          | Missing input or output delay                      | 2      |
| CLKC-5    | Advisory         | BUFGCE with constant CE has BUFG driver            | 1      |
+-----------+------------------+----------------------------------------------------+--------+

2. REPORT DETAILS
-----------------
TIMING-2#1 Critical Warning
Invalid primary clock source pin  
A primary clock clk_freerun is created on an inappropriate pin design_1_i/gtwizard_ultrascale_0/inst/hb_gtwiz_reset_clk_freerun_in. It is recommended to create a primary clock only on a proper clock source (input port or primitive output pin with no timing arc)
Related violations: <none>

TIMING-4#1 Critical Warning
Invalid primary clock redefinition on a clock tree  
Invalid clock redefinition on a clock tree. The primary clock clk_freerun is defined downstream of clock clk_pl_0 and overrides its insertion delay and/or waveform definition
Related violations: <none>

LUTAR-1#1 Warning
LUT drives async reset alert  
LUT cell dbg_hub/inst/BSCANID.u_xsdbm_id/CORE_XSDB.UUT_MASTER/U_ICON_INTERFACE/U_CMD6_RD/U_RD_FIFO/SUBCORE_FIFO.xsdbm_v3_0_5_rdfifo_inst/inst_fifo_gen/gconvfifo.rf/grf.rf/rstblk/ngwrdrst.grst.g7serrst.gwrrd_rst_sync_stage[2].rrst_inst/ngwrdrst.grst.g7serrst.rd_rst_reg[2]_i_1, with 2 or more inputs, drives asynchronous preset/clear pin(s) dbg_hub/inst/BSCANID.u_xsdbm_id/CORE_XSDB.UUT_MASTER/U_ICON_INTERFACE/U_CMD6_RD/U_RD_FIFO/SUBCORE_FIFO.xsdbm_v3_0_5_rdfifo_inst/inst_fifo_gen/gconvfifo.rf/grf.rf/rstblk/ngwrdrst.grst.g7serrst.rd_rst_reg_reg[0]/PRE,
dbg_hub/inst/BSCANID.u_xsdbm_id/CORE_XSDB.UUT_MASTER/U_ICON_INTERFACE/U_CMD6_RD/U_RD_FIFO/SUBCORE_FIFO.xsdbm_v3_0_5_rdfifo_inst/inst_fifo_gen/gconvfifo.rf/grf.rf/rstblk/ngwrdrst.grst.g7serrst.rd_rst_reg_reg[1]/PRE
dbg_hub/inst/BSCANID.u_xsdbm_id/CORE_XSDB.UUT_MASTER/U_ICON_INTERFACE/U_CMD6_RD/U_RD_FIFO/SUBCORE_FIFO.xsdbm_v3_0_5_rdfifo_inst/inst_fifo_gen/gconvfifo.rf/grf.rf/rstblk/ngwrdrst.grst.g7serrst.rd_rst_reg_reg[2]/PRE. The LUT may glitch and trigger an unexpected reset, even if it is a properly timed path.
Related violations: <none>

LUTAR-1#2 Warning
LUT drives async reset alert  
LUT cell dbg_hub/inst/BSCANID.u_xsdbm_id/CORE_XSDB.UUT_MASTER/U_ICON_INTERFACE/U_CMD6_RD/U_RD_FIFO/SUBCORE_FIFO.xsdbm_v3_0_5_rdfifo_inst/inst_fifo_gen/gconvfifo.rf/grf.rf/rstblk/ngwrdrst.grst.g7serrst.gwrrd_rst_sync_stage[2].wrst_inst/ngwrdrst.grst.g7serrst.wr_rst_reg[2]_i_1, with 2 or more inputs, drives asynchronous preset/clear pin(s) dbg_hub/inst/BSCANID.u_xsdbm_id/CORE_XSDB.UUT_MASTER/U_ICON_INTERFACE/U_CMD6_RD/U_RD_FIFO/SUBCORE_FIFO.xsdbm_v3_0_5_rdfifo_inst/inst_fifo_gen/gconvfifo.rf/grf.rf/rstblk/ngwrdrst.grst.g7serrst.wr_rst_reg_reg[0]/PRE,
dbg_hub/inst/BSCANID.u_xsdbm_id/CORE_XSDB.UUT_MASTER/U_ICON_INTERFACE/U_CMD6_RD/U_RD_FIFO/SUBCORE_FIFO.xsdbm_v3_0_5_rdfifo_inst/inst_fifo_gen/gconvfifo.rf/grf.rf/rstblk/ngwrdrst.grst.g7serrst.wr_rst_reg_reg[1]/PRE
dbg_hub/inst/BSCANID.u_xsdbm_id/CORE_XSDB.UUT_MASTER/U_ICON_INTERFACE/U_CMD6_RD/U_RD_FIFO/SUBCORE_FIFO.xsdbm_v3_0_5_rdfifo_inst/inst_fifo_gen/gconvfifo.rf/grf.rf/rstblk/ngwrdrst.grst.g7serrst.wr_rst_reg_reg[2]/PRE. The LUT may glitch and trigger an unexpected reset, even if it is a properly timed path.
Related violations: <none>

LUTAR-1#3 Warning
LUT drives async reset alert  
LUT cell dbg_hub/inst/BSCANID.u_xsdbm_id/CORE_XSDB.UUT_MASTER/U_ICON_INTERFACE/U_CMD6_WR/U_WR_FIFO/SUBCORE_FIFO.xsdbm_v3_0_5_wrfifo_inst/inst_fifo_gen/gconvfifo.rf/grf.rf/rstblk/ngwrdrst.grst.g7serrst.gwrrd_rst_sync_stage[2].rrst_inst/ngwrdrst.grst.g7serrst.rd_rst_reg[2]_i_1, with 2 or more inputs, drives asynchronous preset/clear pin(s) dbg_hub/inst/BSCANID.u_xsdbm_id/CORE_XSDB.UUT_MASTER/U_ICON_INTERFACE/U_CMD6_WR/U_WR_FIFO/SUBCORE_FIFO.xsdbm_v3_0_5_wrfifo_inst/inst_fifo_gen/gconvfifo.rf/grf.rf/rstblk/ngwrdrst.grst.g7serrst.rd_rst_reg_reg[0]/PRE,
dbg_hub/inst/BSCANID.u_xsdbm_id/CORE_XSDB.UUT_MASTER/U_ICON_INTERFACE/U_CMD6_WR/U_WR_FIFO/SUBCORE_FIFO.xsdbm_v3_0_5_wrfifo_inst/inst_fifo_gen/gconvfifo.rf/grf.rf/rstblk/ngwrdrst.grst.g7serrst.rd_rst_reg_reg[1]/PRE
dbg_hub/inst/BSCANID.u_xsdbm_id/CORE_XSDB.UUT_MASTER/U_ICON_INTERFACE/U_CMD6_WR/U_WR_FIFO/SUBCORE_FIFO.xsdbm_v3_0_5_wrfifo_inst/inst_fifo_gen/gconvfifo.rf/grf.rf/rstblk/ngwrdrst.grst.g7serrst.rd_rst_reg_reg[2]/PRE. The LUT may glitch and trigger an unexpected reset, even if it is a properly timed path.
Related violations: <none>

LUTAR-1#4 Warning
LUT drives async reset alert  
LUT cell dbg_hub/inst/BSCANID.u_xsdbm_id/CORE_XSDB.UUT_MASTER/U_ICON_INTERFACE/U_CMD6_WR/U_WR_FIFO/SUBCORE_FIFO.xsdbm_v3_0_5_wrfifo_inst/inst_fifo_gen/gconvfifo.rf/grf.rf/rstblk/ngwrdrst.grst.g7serrst.gwrrd_rst_sync_stage[2].wrst_inst/ngwrdrst.grst.g7serrst.wr_rst_reg[2]_i_1, with 2 or more inputs, drives asynchronous preset/clear pin(s) dbg_hub/inst/BSCANID.u_xsdbm_id/CORE_XSDB.UUT_MASTER/U_ICON_INTERFACE/U_CMD6_WR/U_WR_FIFO/SUBCORE_FIFO.xsdbm_v3_0_5_wrfifo_inst/inst_fifo_gen/gconvfifo.rf/grf.rf/rstblk/ngwrdrst.grst.g7serrst.wr_rst_reg_reg[0]/PRE,
dbg_hub/inst/BSCANID.u_xsdbm_id/CORE_XSDB.UUT_MASTER/U_ICON_INTERFACE/U_CMD6_WR/U_WR_FIFO/SUBCORE_FIFO.xsdbm_v3_0_5_wrfifo_inst/inst_fifo_gen/gconvfifo.rf/grf.rf/rstblk/ngwrdrst.grst.g7serrst.wr_rst_reg_reg[1]/PRE
dbg_hub/inst/BSCANID.u_xsdbm_id/CORE_XSDB.UUT_MASTER/U_ICON_INTERFACE/U_CMD6_WR/U_WR_FIFO/SUBCORE_FIFO.xsdbm_v3_0_5_wrfifo_inst/inst_fifo_gen/gconvfifo.rf/grf.rf/rstblk/ngwrdrst.grst.g7serrst.wr_rst_reg_reg[2]/PRE. The LUT may glitch and trigger an unexpected reset, even if it is a properly timed path.
Related violations: <none>

LUTAR-1#5 Warning
LUT drives async reset alert  
LUT cell dbg_hub/inst/BSCANID.u_xsdbm_id/SWITCH_N_EXT_BSCAN.bscan_switch/m_bscan_sel[0]_INST_0, with 2 or more inputs, drives asynchronous preset/clear pin(s) dbg_hub/inst/BSCANID.u_xsdbm_id/CORE_XSDB.U_ICON/U_CMD/iTARGET_reg[10]/CLR,
dbg_hub/inst/BSCANID.u_xsdbm_id/CORE_XSDB.U_ICON/U_CMD/iTARGET_reg[11]/CLR,
dbg_hub/inst/BSCANID.u_xsdbm_id/CORE_XSDB.U_ICON/U_CMD/iTARGET_reg[12]/CLR,
dbg_hub/inst/BSCANID.u_xsdbm_id/CORE_XSDB.U_ICON/U_CMD/iTARGET_reg[13]/CLR,
dbg_hub/inst/BSCANID.u_xsdbm_id/CORE_XSDB.U_ICON/U_CMD/iTARGET_reg[14]/CLR,
dbg_hub/inst/BSCANID.u_xsdbm_id/CORE_XSDB.U_ICON/U_CMD/iTARGET_reg[15]/CLR,
dbg_hub/inst/BSCANID.u_xsdbm_id/CORE_XSDB.U_ICON/U_CMD/iTARGET_reg[6]/CLR,
dbg_hub/inst/BSCANID.u_xsdbm_id/CORE_XSDB.U_ICON/U_CMD/iTARGET_reg[7]/CLR,
dbg_hub/inst/BSCANID.u_xsdbm_id/CORE_XSDB.U_ICON/U_CMD/iTARGET_reg[8]/CLR
dbg_hub/inst/BSCANID.u_xsdbm_id/CORE_XSDB.U_ICON/U_CMD/iTARGET_reg[9]/CLR. The LUT may glitch and trigger an unexpected reset, even if it is a properly timed path.
Related violations: <none>

LUTAR-1#6 Warning
LUT drives async reset alert  
LUT cell design_1_i/gtwizard_ultrascale_0/inst/example_stimulus_inst0/example_stimulus_reset_synchronizer_inst_i_1, with 2 or more inputs, drives asynchronous preset/clear pin(s) design_1_i/gtwizard_ultrascale_0/inst/example_stimulus_inst0/example_stimulus_reset_synchronizer_inst/rst_in_meta_reg/PRE,
design_1_i/gtwizard_ultrascale_0/inst/example_stimulus_inst0/example_stimulus_reset_synchronizer_inst/rst_in_out_reg/PRE,
design_1_i/gtwizard_ultrascale_0/inst/example_stimulus_inst0/example_stimulus_reset_synchronizer_inst/rst_in_sync1_reg/PRE,
design_1_i/gtwizard_ultrascale_0/inst/example_stimulus_inst0/example_stimulus_reset_synchronizer_inst/rst_in_sync2_reg/PRE
design_1_i/gtwizard_ultrascale_0/inst/example_stimulus_inst0/example_stimulus_reset_synchronizer_inst/rst_in_sync3_reg/PRE. The LUT may glitch and trigger an unexpected reset, even if it is a properly timed path.
Related violations: <none>

LUTAR-1#7 Warning
LUT drives async reset alert  
LUT cell design_1_i/gtwizard_ultrascale_0/inst/example_wrapper_inst/gtwiz_userclk_rx_inst/example_checking_reset_synchronizer_inst_i_1, with 2 or more inputs, drives asynchronous preset/clear pin(s) design_1_i/gtwizard_ultrascale_0/inst/example_checking_inst0/example_checking_reset_synchronizer_inst/rst_in_meta_reg/PRE,
design_1_i/gtwizard_ultrascale_0/inst/example_checking_inst0/example_checking_reset_synchronizer_inst/rst_in_out_reg/PRE,
design_1_i/gtwizard_ultrascale_0/inst/example_checking_inst0/example_checking_reset_synchronizer_inst/rst_in_sync1_reg/PRE,
design_1_i/gtwizard_ultrascale_0/inst/example_checking_inst0/example_checking_reset_synchronizer_inst/rst_in_sync2_reg/PRE
design_1_i/gtwizard_ultrascale_0/inst/example_checking_inst0/example_checking_reset_synchronizer_inst/rst_in_sync3_reg/PRE. The LUT may glitch and trigger an unexpected reset, even if it is a properly timed path.
Related violations: <none>

LUTAR-1#8 Warning
LUT drives async reset alert  
LUT cell design_1_i/gtwizard_ultrascale_0/inst/example_wrapper_inst/gtwizard_ultrascale_0_inst/inst/gen_gtwizard_gthe4_top.gtwizard_ultrascale_0_gtwizard_gthe4_inst/gen_gtwizard_gthe4.gen_reset_controller_internal.gen_single_instance.gtwiz_reset_inst/reset_synchronizer_gtwiz_reset_rx_any_inst/rst_in_meta_i_1__1, with 2 or more inputs, drives asynchronous preset/clear pin(s) design_1_i/gtwizard_ultrascale_0/inst/example_wrapper_inst/gtwizard_ultrascale_0_inst/inst/gen_gtwizard_gthe4_top.gtwizard_ultrascale_0_gtwizard_gthe4_inst/gen_gtwizard_gthe4.gen_reset_controller_internal.gen_single_instance.gtwiz_reset_inst/reset_synchronizer_gtwiz_reset_rx_any_inst/rst_in_meta_reg/PRE,
design_1_i/gtwizard_ultrascale_0/inst/example_wrapper_inst/gtwizard_ultrascale_0_inst/inst/gen_gtwizard_gthe4_top.gtwizard_ultrascale_0_gtwizard_gthe4_inst/gen_gtwizard_gthe4.gen_reset_controller_internal.gen_single_instance.gtwiz_reset_inst/reset_synchronizer_gtwiz_reset_rx_any_inst/rst_in_out_reg/PRE,
design_1_i/gtwizard_ultrascale_0/inst/example_wrapper_inst/gtwizard_ultrascale_0_inst/inst/gen_gtwizard_gthe4_top.gtwizard_ultrascale_0_gtwizard_gthe4_inst/gen_gtwizard_gthe4.gen_reset_controller_internal.gen_single_instance.gtwiz_reset_inst/reset_synchronizer_gtwiz_reset_rx_any_inst/rst_in_sync1_reg/PRE,
design_1_i/gtwizard_ultrascale_0/inst/example_wrapper_inst/gtwizard_ultrascale_0_inst/inst/gen_gtwizard_gthe4_top.gtwizard_ultrascale_0_gtwizard_gthe4_inst/gen_gtwizard_gthe4.gen_reset_controller_internal.gen_single_instance.gtwiz_reset_inst/reset_synchronizer_gtwiz_reset_rx_any_inst/rst_in_sync2_reg/PRE
design_1_i/gtwizard_ultrascale_0/inst/example_wrapper_inst/gtwizard_ultrascale_0_inst/inst/gen_gtwizard_gthe4_top.gtwizard_ultrascale_0_gtwizard_gthe4_inst/gen_gtwizard_gthe4.gen_reset_controller_internal.gen_single_instance.gtwiz_reset_inst/reset_synchronizer_gtwiz_reset_rx_any_inst/rst_in_sync3_reg/PRE. The LUT may glitch and trigger an unexpected reset, even if it is a properly timed path.
Related violations: <none>

LUTAR-1#9 Warning
LUT drives async reset alert  
LUT cell design_1_i/gtwizard_ultrascale_0/inst/example_wrapper_inst/gtwizard_ultrascale_0_inst/inst/gen_gtwizard_gthe4_top.gtwizard_ultrascale_0_gtwizard_gthe4_inst/gen_gtwizard_gthe4.gen_reset_controller_internal.gen_single_instance.gtwiz_reset_inst/reset_synchronizer_gtwiz_reset_rx_datapath_inst/rst_in_meta_i_1__2, with 2 or more inputs, drives asynchronous preset/clear pin(s) design_1_i/gtwizard_ultrascale_0/inst/example_wrapper_inst/gtwizard_ultrascale_0_inst/inst/gen_gtwizard_gthe4_top.gtwizard_ultrascale_0_gtwizard_gthe4_inst/gen_gtwizard_gthe4.gen_reset_controller_internal.gen_single_instance.gtwiz_reset_inst/reset_synchronizer_gtwiz_reset_rx_datapath_inst/rst_in_meta_reg/PRE,
design_1_i/gtwizard_ultrascale_0/inst/example_wrapper_inst/gtwizard_ultrascale_0_inst/inst/gen_gtwizard_gthe4_top.gtwizard_ultrascale_0_gtwizard_gthe4_inst/gen_gtwizard_gthe4.gen_reset_controller_internal.gen_single_instance.gtwiz_reset_inst/reset_synchronizer_gtwiz_reset_rx_datapath_inst/rst_in_out_reg/PRE,
design_1_i/gtwizard_ultrascale_0/inst/example_wrapper_inst/gtwizard_ultrascale_0_inst/inst/gen_gtwizard_gthe4_top.gtwizard_ultrascale_0_gtwizard_gthe4_inst/gen_gtwizard_gthe4.gen_reset_controller_internal.gen_single_instance.gtwiz_reset_inst/reset_synchronizer_gtwiz_reset_rx_datapath_inst/rst_in_sync1_reg/PRE,
design_1_i/gtwizard_ultrascale_0/inst/example_wrapper_inst/gtwizard_ultrascale_0_inst/inst/gen_gtwizard_gthe4_top.gtwizard_ultrascale_0_gtwizard_gthe4_inst/gen_gtwizard_gthe4.gen_reset_controller_internal.gen_single_instance.gtwiz_reset_inst/reset_synchronizer_gtwiz_reset_rx_datapath_inst/rst_in_sync2_reg/PRE
design_1_i/gtwizard_ultrascale_0/inst/example_wrapper_inst/gtwizard_ultrascale_0_inst/inst/gen_gtwizard_gthe4_top.gtwizard_ultrascale_0_gtwizard_gthe4_inst/gen_gtwizard_gthe4.gen_reset_controller_internal.gen_single_instance.gtwiz_reset_inst/reset_synchronizer_gtwiz_reset_rx_datapath_inst/rst_in_sync3_reg/PRE. The LUT may glitch and trigger an unexpected reset, even if it is a properly timed path.
Related violations: <none>

LUTAR-1#10 Warning
LUT drives async reset alert  
LUT cell design_1_i/gtwizard_ultrascale_0/inst/example_wrapper_inst/gtwizard_ultrascale_0_inst/inst/gen_gtwizard_gthe4_top.gtwizard_ultrascale_0_gtwizard_gthe4_inst/gen_gtwizard_gthe4.gen_reset_controller_internal.gen_single_instance.gtwiz_reset_inst/reset_synchronizer_gtwiz_reset_tx_any_inst/rst_in_meta_i_1, with 2 or more inputs, drives asynchronous preset/clear pin(s) design_1_i/gtwizard_ultrascale_0/inst/example_wrapper_inst/gtwizard_ultrascale_0_inst/inst/gen_gtwizard_gthe4_top.gtwizard_ultrascale_0_gtwizard_gthe4_inst/gen_gtwizard_gthe4.gen_reset_controller_internal.gen_single_instance.gtwiz_reset_inst/reset_synchronizer_gtwiz_reset_tx_any_inst/rst_in_meta_reg/PRE,
design_1_i/gtwizard_ultrascale_0/inst/example_wrapper_inst/gtwizard_ultrascale_0_inst/inst/gen_gtwizard_gthe4_top.gtwizard_ultrascale_0_gtwizard_gthe4_inst/gen_gtwizard_gthe4.gen_reset_controller_internal.gen_single_instance.gtwiz_reset_inst/reset_synchronizer_gtwiz_reset_tx_any_inst/rst_in_out_reg/PRE,
design_1_i/gtwizard_ultrascale_0/inst/example_wrapper_inst/gtwizard_ultrascale_0_inst/inst/gen_gtwizard_gthe4_top.gtwizard_ultrascale_0_gtwizard_gthe4_inst/gen_gtwizard_gthe4.gen_reset_controller_internal.gen_single_instance.gtwiz_reset_inst/reset_synchronizer_gtwiz_reset_tx_any_inst/rst_in_sync1_reg/PRE,
design_1_i/gtwizard_ultrascale_0/inst/example_wrapper_inst/gtwizard_ultrascale_0_inst/inst/gen_gtwizard_gthe4_top.gtwizard_ultrascale_0_gtwizard_gthe4_inst/gen_gtwizard_gthe4.gen_reset_controller_internal.gen_single_instance.gtwiz_reset_inst/reset_synchronizer_gtwiz_reset_tx_any_inst/rst_in_sync2_reg/PRE
design_1_i/gtwizard_ultrascale_0/inst/example_wrapper_inst/gtwizard_ultrascale_0_inst/inst/gen_gtwizard_gthe4_top.gtwizard_ultrascale_0_gtwizard_gthe4_inst/gen_gtwizard_gthe4.gen_reset_controller_internal.gen_single_instance.gtwiz_reset_inst/reset_synchronizer_gtwiz_reset_tx_any_inst/rst_in_sync3_reg/PRE. The LUT may glitch and trigger an unexpected reset, even if it is a properly timed path.
Related violations: <none>

LUTAR-1#11 Warning
LUT drives async reset alert  
LUT cell design_1_i/gtwizard_ultrascale_0/inst/example_wrapper_inst/gtwizard_ultrascale_0_inst/inst/gen_gtwizard_gthe4_top.gtwizard_ultrascale_0_gtwizard_gthe4_inst/gen_gtwizard_gthe4.gen_reset_controller_internal.gen_single_instance.gtwiz_reset_inst/reset_synchronizer_gtwiz_reset_tx_pll_and_datapath_inst/rst_in_meta_i_1__0, with 2 or more inputs, drives asynchronous preset/clear pin(s) design_1_i/gtwizard_ultrascale_0/inst/example_wrapper_inst/gtwizard_ultrascale_0_inst/inst/gen_gtwizard_gthe4_top.gtwizard_ultrascale_0_gtwizard_gthe4_inst/gen_gtwizard_gthe4.gen_reset_controller_internal.gen_single_instance.gtwiz_reset_inst/reset_synchronizer_gtwiz_reset_tx_pll_and_datapath_inst/rst_in_meta_reg/PRE,
design_1_i/gtwizard_ultrascale_0/inst/example_wrapper_inst/gtwizard_ultrascale_0_inst/inst/gen_gtwizard_gthe4_top.gtwizard_ultrascale_0_gtwizard_gthe4_inst/gen_gtwizard_gthe4.gen_reset_controller_internal.gen_single_instance.gtwiz_reset_inst/reset_synchronizer_gtwiz_reset_tx_pll_and_datapath_inst/rst_in_out_reg/PRE,
design_1_i/gtwizard_ultrascale_0/inst/example_wrapper_inst/gtwizard_ultrascale_0_inst/inst/gen_gtwizard_gthe4_top.gtwizard_ultrascale_0_gtwizard_gthe4_inst/gen_gtwizard_gthe4.gen_reset_controller_internal.gen_single_instance.gtwiz_reset_inst/reset_synchronizer_gtwiz_reset_tx_pll_and_datapath_inst/rst_in_sync1_reg/PRE,
design_1_i/gtwizard_ultrascale_0/inst/example_wrapper_inst/gtwizard_ultrascale_0_inst/inst/gen_gtwizard_gthe4_top.gtwizard_ultrascale_0_gtwizard_gthe4_inst/gen_gtwizard_gthe4.gen_reset_controller_internal.gen_single_instance.gtwiz_reset_inst/reset_synchronizer_gtwiz_reset_tx_pll_and_datapath_inst/rst_in_sync2_reg/PRE
design_1_i/gtwizard_ultrascale_0/inst/example_wrapper_inst/gtwizard_ultrascale_0_inst/inst/gen_gtwizard_gthe4_top.gtwizard_ultrascale_0_gtwizard_gthe4_inst/gen_gtwizard_gthe4.gen_reset_controller_internal.gen_single_instance.gtwiz_reset_inst/reset_synchronizer_gtwiz_reset_tx_pll_and_datapath_inst/rst_in_sync3_reg/PRE. The LUT may glitch and trigger an unexpected reset, even if it is a properly timed path.
Related violations: <none>

LUTAR-1#12 Warning
LUT drives async reset alert  
LUT cell design_1_i/gtwizard_ultrascale_0/inst/example_wrapper_inst/gtwizard_ultrascale_0_inst_i_1, with 2 or more inputs, drives asynchronous preset/clear pin(s) design_1_i/gtwizard_ultrascale_0/inst/example_init_inst/reset_synchronizer_reset_all_inst/rst_in_meta_reg/PRE,
design_1_i/gtwizard_ultrascale_0/inst/example_init_inst/reset_synchronizer_reset_all_inst/rst_in_out_reg/PRE,
design_1_i/gtwizard_ultrascale_0/inst/example_init_inst/reset_synchronizer_reset_all_inst/rst_in_sync1_reg/PRE,
design_1_i/gtwizard_ultrascale_0/inst/example_init_inst/reset_synchronizer_reset_all_inst/rst_in_sync2_reg/PRE,
design_1_i/gtwizard_ultrascale_0/inst/example_init_inst/reset_synchronizer_reset_all_inst/rst_in_sync3_reg/PRE,
design_1_i/gtwizard_ultrascale_0/inst/example_wrapper_inst/gtwizard_ultrascale_0_inst/inst/gen_gtwizard_gthe4_top.gtwizard_ultrascale_0_gtwizard_gthe4_inst/gen_gtwizard_gthe4.gen_reset_controller_internal.gen_single_instance.gtwiz_reset_inst/reset_synchronizer_gtwiz_reset_all_inst/rst_in_meta_reg/PRE,
design_1_i/gtwizard_ultrascale_0/inst/example_wrapper_inst/gtwizard_ultrascale_0_inst/inst/gen_gtwizard_gthe4_top.gtwizard_ultrascale_0_gtwizard_gthe4_inst/gen_gtwizard_gthe4.gen_reset_controller_internal.gen_single_instance.gtwiz_reset_inst/reset_synchronizer_gtwiz_reset_all_inst/rst_in_out_reg/PRE,
design_1_i/gtwizard_ultrascale_0/inst/example_wrapper_inst/gtwizard_ultrascale_0_inst/inst/gen_gtwizard_gthe4_top.gtwizard_ultrascale_0_gtwizard_gthe4_inst/gen_gtwizard_gthe4.gen_reset_controller_internal.gen_single_instance.gtwiz_reset_inst/reset_synchronizer_gtwiz_reset_all_inst/rst_in_sync1_reg/PRE,
design_1_i/gtwizard_ultrascale_0/inst/example_wrapper_inst/gtwizard_ultrascale_0_inst/inst/gen_gtwizard_gthe4_top.gtwizard_ultrascale_0_gtwizard_gthe4_inst/gen_gtwizard_gthe4.gen_reset_controller_internal.gen_single_instance.gtwiz_reset_inst/reset_synchronizer_gtwiz_reset_all_inst/rst_in_sync2_reg/PRE
design_1_i/gtwizard_ultrascale_0/inst/example_wrapper_inst/gtwizard_ultrascale_0_inst/inst/gen_gtwizard_gthe4_top.gtwizard_ultrascale_0_gtwizard_gthe4_inst/gen_gtwizard_gthe4.gen_reset_controller_internal.gen_single_instance.gtwiz_reset_inst/reset_synchronizer_gtwiz_reset_all_inst/rst_in_sync3_reg/PRE. The LUT may glitch and trigger an unexpected reset, even if it is a properly timed path.
Related violations: <none>

TIMING-18#1 Warning
Missing input or output delay  
An output delay is missing on link_down_latched_out_0 relative to the rising and/or falling clock edge(s) of clk_freerun.
Related violations: <none>

TIMING-18#2 Warning
Missing input or output delay  
An output delay is missing on link_status_out_0 relative to the rising and/or falling clock edge(s) of clk_freerun.
Related violations: <none>

CLKC-5#1 Advisory
BUFGCE with constant CE has BUFG driver  
The BUFGCE cell design_1_i/gtwizard_ultrascale_0/inst/bufg_clk_freerun_inst design_1_i/gtwizard_ultrascale_0/inst/bufg_clk_freerun_inst/I pin (and CE pin not ACTIVE) is driven by BUFG_PS clock buffer design_1_i/zynq_ultra_ps_e_0/U0/buffer_pl_clk_0.PL_CLK_0_BUFG. This may be an unnecessary use of multiple clocking resources and should be reviewed. Cascaded buffers introduce skew that can lead to difficult or impossible timing closure.
Related violations: <none>


