#-----------------------------------------------------------
# Vivado v2025.2 (64-bit)
# SW Build 6299465 on Fri Nov 14 19:35:11 GMT 2025
# IP Build 6300035 on Fri Nov 14 10:48:45 MST 2025
# SharedData Build 6298862 on Thu Nov 13 04:50:51 MST 2025
# Start of session at: Mon Aug  3 05:06:18 2026
# Process ID         : 22284
# Current directory  : e:/Study/gtwizard_ultrascale_0_ex
# Command line       : vivado.exe -notrace -source e:/Study/gt_wizard/gt_wizard.gen/sources_1/ip/gtwizard_ultrascale_0/gtwizard_ultrascale_0_ex.tcl
# Log file           : e:/Study/gtwizard_ultrascale_0_ex/vivado.log
# Journal file       : e:/Study/gtwizard_ultrascale_0_ex\vivado.jou
# Running On         : DESKTOP-QFAH4LL
# Platform           : Windows Server 2016 or Windows 10
# Operating System   : 26200
# Processor Detail   : Intel(R) Core(TM) i5-8265U CPU @ 1.60GHz
# CPU Frequency      : 1800 MHz
# CPU Physical cores : 4
# CPU Logical cores  : 8
# Host memory        : 8455 MB
# Swap memory        : 9354 MB
# Total Virtual      : 17810 MB
# Available Virtual  : 3640 MB
#-----------------------------------------------------------
start_gui
source e:/Study/gt_wizard/gt_wizard.gen/sources_1/ip/gtwizard_ultrascale_0/gtwizard_ultrascale_0_ex.tcl -notrace
INFO: [open_example_project] Creating new example project...
WARNING: [Board 49-26] cannot add Board Part xilinx.com:emb-plus-vpr-4616:part0:1.0 available at D:/2025.2/data/xhub/boards\XilinxBoardStore\boards\Xilinx\emb-plus-vpr-4616\1.0\board.xml as part xcve2302-sfva784-2mp-e-s specified in board_part file is either invalid or not available
WARNING: [Board 49-26] cannot add Board Part xilinx.com:emb-plus-vpr-4616:part0:1.1 available at D:/2025.2/data/xhub/boards\XilinxBoardStore\boards\Xilinx\emb-plus-vpr-4616\1.1\board.xml as part xcve2302-sfva784-2mp-e-s specified in board_part file is either invalid or not available
WARNING: [Board 49-26] cannot add Board Part xilinx.com:kcu105:part0:1.6 available at D:/2025.2/data/xhub/boards\XilinxBoardStore\boards\Xilinx\kcu105\1.6\board.xml as part xcku040-ffva1156-2-e specified in board_part file is either invalid or not available
WARNING: [Board 49-26] cannot add Board Part xilinx.com:kcu105:part0:1.7 available at D:/2025.2/data/xhub/boards\XilinxBoardStore\boards\Xilinx\kcu105\1.7\board.xml as part xcku040-ffva1156-2-e specified in board_part file is either invalid or not available
WARNING: [Board 49-26] cannot add Board Part xilinx.com:kcu1500:part0:1.2 available at D:/2025.2/data/xhub/boards\XilinxBoardStore\boards\Xilinx\kcu1500\1.2\board.xml as part xcku115-flvb2104-2-e specified in board_part file is either invalid or not available
WARNING: [Board 49-26] cannot add Board Part xilinx.com:v80:part0:1.0 available at D:/2025.2/data/xhub/boards\XilinxBoardStore\boards\Xilinx\v80\1.0\board.xml as part xcv80-lsva4737-2mhp-e-s specified in board_part file is either invalid or not available
WARNING: [Board 49-26] cannot add Board Part xilinx.com:vck190:part0:2.2 available at D:/2025.2/data/xhub/boards\XilinxBoardStore\boards\Xilinx\vck190\production\2.2\board.xml as part xcvc1902-vsva2197-2mp-e-s specified in board_part file is either invalid or not available
WARNING: [Board 49-26] cannot add Board Part xilinx.com:vck190:part0:3.0 available at D:/2025.2/data/xhub/boards\XilinxBoardStore\boards\Xilinx\vck190\production\3.0\board.xml as part xcvc1902-vsva2197-2mp-e-s specified in board_part file is either invalid or not available
WARNING: [Board 49-26] cannot add Board Part xilinx.com:vck190:part0:3.1 available at D:/2025.2/data/xhub/boards\XilinxBoardStore\boards\Xilinx\vck190\production\3.1\board.xml as part xcvc1902-vsva2197-2mp-e-s specified in board_part file is either invalid or not available
WARNING: [Board 49-26] cannot add Board Part xilinx.com:vck190:part0:3.2 available at D:/2025.2/data/xhub/boards\XilinxBoardStore\boards\Xilinx\vck190\production\3.2\board.xml as part xcvc1902-vsva2197-2mp-e-s specified in board_part file is either invalid or not available
WARNING: [Board 49-26] cannot add Board Part xilinx.com:vck190:part0:3.3 available at D:/2025.2/data/xhub/boards\XilinxBoardStore\boards\Xilinx\vck190\production\3.3\board.xml as part xcvc1902-vsva2197-2mp-e-s specified in board_part file is either invalid or not available
WARNING: [Board 49-26] cannot add Board Part xilinx.com:vck190:part0:3.4 available at D:/2025.2/data/xhub/boards\XilinxBoardStore\boards\Xilinx\vck190\production\3.4\board.xml as part xcvc1902-vsva2197-2mp-e-s specified in board_part file is either invalid or not available
WARNING: [Board 49-26] cannot add Board Part xilinx.com:vck190_newl:part0:1.0 available at D:/2025.2/data/xhub/boards\XilinxBoardStore\boards\Xilinx\vck190_newl\production\1.0\board.xml as part xcvc1902-vsva2197-2mp-e-s specified in board_part file is either invalid or not available
WARNING: [Board 49-26] cannot add Board Part xilinx.com:vck190_newl:part0:1.1 available at D:/2025.2/data/xhub/boards\XilinxBoardStore\boards\Xilinx\vck190_newl\production\1.1\board.xml as part xcvc1902-vsva2197-2mp-e-s specified in board_part file is either invalid or not available
WARNING: [Board 49-26] cannot add Board Part xilinx.com:vck190_newl:part0:1.2 available at D:/2025.2/data/xhub/boards\XilinxBoardStore\boards\Xilinx\vck190_newl\production\1.2\board.xml as part xcvc1902-vsva2197-2mp-e-s specified in board_part file is either invalid or not available
WARNING: [Board 49-26] cannot add Board Part xilinx.com:vck190_newl:part0:1.3 available at D:/2025.2/data/xhub/boards\XilinxBoardStore\boards\Xilinx\vck190_newl\production\1.3\board.xml as part xcvc1902-vsva2197-2mp-e-s specified in board_part file is either invalid or not available
WARNING: [Board 49-26] cannot add Board Part xilinx.com:vcu108:part0:1.6 available at D:/2025.2/data/xhub/boards\XilinxBoardStore\boards\Xilinx\vcu108\1.6\board.xml as part xcvu095-ffva2104-2-e specified in board_part file is either invalid or not available
WARNING: [Board 49-26] cannot add Board Part xilinx.com:vcu108:part0:1.7 available at D:/2025.2/data/xhub/boards\XilinxBoardStore\boards\Xilinx\vcu108\1.7\board.xml as part xcvu095-ffva2104-2-e specified in board_part file is either invalid or not available
WARNING: [Board 49-26] cannot add Board Part xilinx.com:vcu110:part0:1.4 available at D:/2025.2/data/xhub/boards\XilinxBoardStore\boards\Xilinx\vcu110\1.4\board.xml as part xcvu190-flgc2104-2-e specified in board_part file is either invalid or not available
WARNING: [Board 49-26] cannot add Board Part xilinx.com:vek280:part0:1.0 available at D:/2025.2/data/xhub/boards\XilinxBoardStore\boards\Xilinx\vek280\production\1.0\board.xml as part xcve2802-vsvh1760-2mp-e-s specified in board_part file is either invalid or not available
WARNING: [Board 49-26] cannot add Board Part xilinx.com:vek280:part0:1.1 available at D:/2025.2/data/xhub/boards\XilinxBoardStore\boards\Xilinx\vek280\production\1.1\board.xml as part xcve2802-vsvh1760-2mp-e-s specified in board_part file is either invalid or not available
WARNING: [Board 49-26] cannot add Board Part xilinx.com:vek280:part0:1.2 available at D:/2025.2/data/xhub/boards\XilinxBoardStore\boards\Xilinx\vek280\production\1.2\board.xml as part xcve2802-vsvh1760-2mp-e-s specified in board_part file is either invalid or not available
WARNING: [Board 49-26] cannot add Board Part xilinx.com:vek385:part0:1.0 available at D:/2025.2/data/xhub/boards\XilinxBoardStore\boards\Xilinx\vek385\1.0\board.xml as part xc2ve3858-ssva2112-2mp-e-s specified in board_part file is either invalid or not available
WARNING: [Board 49-26] cannot add Board Part xilinx.com:vek385:part0:1.1 available at D:/2025.2/data/xhub/boards\XilinxBoardStore\boards\Xilinx\vek385\1.1\board.xml as part xc2ve3858-ssva2112-2mp-e-s specified in board_part file is either invalid or not available
WARNING: [Board 49-26] cannot add Board Part xilinx.com:vek385_1:part0:1.0 available at D:/2025.2/data/xhub/boards\XilinxBoardStore\boards\Xilinx\vek385_2\1.0\board.xml as part xc2ve3858-ssva2112-2mp-e-s specified in board_part file is either invalid or not available
WARNING: [Board 49-26] cannot add Board Part xilinx.com:vhk158:part0:1.0 available at D:/2025.2/data/xhub/boards\XilinxBoardStore\boards\Xilinx\vhk158\production\1.0\board.xml as part xcvh1582-vsva3697-2mp-e-s specified in board_part file is either invalid or not available
WARNING: [Board 49-26] cannot add Board Part xilinx.com:vhk158:part0:1.1 available at D:/2025.2/data/xhub/boards\XilinxBoardStore\boards\Xilinx\vhk158\production\1.1\board.xml as part xcvh1582-vsva3697-2mp-e-s specified in board_part file is either invalid or not available
WARNING: [Board 49-26] cannot add Board Part xilinx.com:vhk158:part0:1.2 available at D:/2025.2/data/xhub/boards\XilinxBoardStore\boards\Xilinx\vhk158\production\1.2\board.xml as part xcvh1582-vsva3697-2mp-e-s specified in board_part file is either invalid or not available
WARNING: [Board 49-26] cannot add Board Part xilinx.com:vmk180:part0:2.2 available at D:/2025.2/data/xhub/boards\XilinxBoardStore\boards\Xilinx\vmk180\production\2.2\board.xml as part xcvm1802-vsva2197-2mp-e-s specified in board_part file is either invalid or not available
WARNING: [Board 49-26] cannot add Board Part xilinx.com:vmk180:part0:3.0 available at D:/2025.2/data/xhub/boards\XilinxBoardStore\boards\Xilinx\vmk180\production\3.0\board.xml as part xcvm1802-vsva2197-2mp-e-s specified in board_part file is either invalid or not available
WARNING: [Board 49-26] cannot add Board Part xilinx.com:vmk180:part0:3.1 available at D:/2025.2/data/xhub/boards\XilinxBoardStore\boards\Xilinx\vmk180\production\3.1\board.xml as part xcvm1802-vsva2197-2mp-e-s specified in board_part file is either invalid or not available
WARNING: [Board 49-26] cannot add Board Part xilinx.com:vmk180:part0:3.2 available at D:/2025.2/data/xhub/boards\XilinxBoardStore\boards\Xilinx\vmk180\production\3.2\board.xml as part xcvm1802-vsva2197-2mp-e-s specified in board_part file is either invalid or not available
WARNING: [Board 49-26] cannot add Board Part xilinx.com:vmk180:part0:3.3 available at D:/2025.2/data/xhub/boards\XilinxBoardStore\boards\Xilinx\vmk180\production\3.3\board.xml as part xcvm1802-vsva2197-2mp-e-s specified in board_part file is either invalid or not available
WARNING: [Board 49-26] cannot add Board Part xilinx.com:vmk180_newl:part0:1.0 available at D:/2025.2/data/xhub/boards\XilinxBoardStore\boards\Xilinx\vmk180_newl\production\1.0\board.xml as part xcvm1802-vsva2197-2mp-e-s specified in board_part file is either invalid or not available
WARNING: [Board 49-26] cannot add Board Part xilinx.com:vmk180_newl:part0:1.1 available at D:/2025.2/data/xhub/boards\XilinxBoardStore\boards\Xilinx\vmk180_newl\production\1.1\board.xml as part xcvm1802-vsva2197-2mp-e-s specified in board_part file is either invalid or not available
WARNING: [Board 49-26] cannot add Board Part xilinx.com:vpk120:part0:1.0 available at D:/2025.2/data/xhub/boards\XilinxBoardStore\boards\Xilinx\vpk120\production\1.0\board.xml as part xcvp1202-vsva2785-2mp-e-s specified in board_part file is either invalid or not available
WARNING: [Board 49-26] cannot add Board Part xilinx.com:vpk120:part0:1.1 available at D:/2025.2/data/xhub/boards\XilinxBoardStore\boards\Xilinx\vpk120\production\1.1\board.xml as part xcvp1202-vsva2785-2mp-e-s specified in board_part file is either invalid or not available
WARNING: [Board 49-26] cannot add Board Part xilinx.com:vpk120:part0:1.2 available at D:/2025.2/data/xhub/boards\XilinxBoardStore\boards\Xilinx\vpk120\production\1.2\board.xml as part xcvp1202-vsva2785-2mp-e-s specified in board_part file is either invalid or not available
WARNING: [Board 49-26] cannot add Board Part xilinx.com:vpk180:part0:1.0 available at D:/2025.2/data/xhub/boards\XilinxBoardStore\boards\Xilinx\vpk180\production\1.0\board.xml as part xcvp1802-lsvc4072-2mp-e-s specified in board_part file is either invalid or not available
WARNING: [Board 49-26] cannot add Board Part xilinx.com:vpk180:part0:1.1 available at D:/2025.2/data/xhub/boards\XilinxBoardStore\boards\Xilinx\vpk180\production\1.1\board.xml as part xcvp1802-lsvc4072-2mp-e-s specified in board_part file is either invalid or not available
WARNING: [Board 49-26] cannot add Board Part xilinx.com:vpk180:part0:1.2 available at D:/2025.2/data/xhub/boards\XilinxBoardStore\boards\Xilinx\vpk180\production\1.2\board.xml as part xcvp1802-lsvc4072-2mp-e-s specified in board_part file is either invalid or not available
WARNING: [Board 49-26] cannot add Board Part xilinx.com:vrk160:part0:1.0 available at D:/2025.2/data/xhub/boards\XilinxBoardStore\boards\Xilinx\vrk160\1.0\board.xml as part xcvr1602-vsva2488-2mp-e-s-es1 specified in board_part file is either invalid or not available
WARNING: [Board 49-26] cannot add Board Part xilinx.com:vrk160:part0:1.1 available at D:/2025.2/data/xhub/boards\XilinxBoardStore\boards\Xilinx\vrk160\1.1\board.xml as part xcvr1602-vsva2488-2mp-e-s-es1 specified in board_part file is either invalid or not available
WARNING: [Board 49-26] cannot add Board Part xilinx.com:zcu208ld:part0:2.0 available at D:/2025.2/data/xhub/boards\XilinxBoardStore\boards\Xilinx\zcu208ld\production\2.0\board.xml as part xczu58dr-fsvg1517-2-i specified in board_part file is either invalid or not available
WARNING: [Board 49-26] cannot add Board Part xilinx.com:zcu216ld:part0:2.0 available at D:/2025.2/data/xhub/boards\XilinxBoardStore\boards\Xilinx\zcu216ld\production\2.0\board.xml as part xczu59dr-ffvf1760-2-i specified in board_part file is either invalid or not available
WARNING: [Board 49-26] cannot add Board Part xilinx.com:zcu670ld:part0:1.0 available at D:/2025.2/data/xhub/boards\XilinxBoardStore\boards\Xilinx\zcu670ld\1.0\board.xml as part xczu57dr-fsve1156-2-i specified in board_part file is either invalid or not available
INFO: [IP_Flow 19-234] Refreshing IP repositories
INFO: [IP_Flow 19-1704] No user IP repositories specified
INFO: [IP_Flow 19-2313] Loaded Vivado IP repository 'D:/2025.2/Vivado/data/ip'.
create_project: Time (s): cpu = 00:01:19 ; elapsed = 00:00:37 . Memory (MB): peak = 1674.316 ; gain = 216.875
INFO: [open_example_project] Importing original IP ...
INFO: [open_example_project] Generating the example project IP ...
INFO: [IP_Flow 19-1706] Not generating 'Instantiation Template' target for IP 'gtwizard_ultrascale_0'. Target already exists and is up to date.
INFO: [IP_Flow 19-1706] Not generating 'Synthesis' target for IP 'gtwizard_ultrascale_0'. Target already exists and is up to date.
INFO: [IP_Flow 19-1706] Not generating 'Simulation' target for IP 'gtwizard_ultrascale_0'. Target already exists and is up to date.
INFO: [open_example_project] Adding example synthesis HDL files ...
INFO: [open_example_project] Adding example XDC files ...
INFO: [open_example_project] Adding simulation HDL files ...
INFO: [open_example_project] Sourcing example extension scripts ...
INFO: [open_example_project] Sourcing extension script: tcl/example_scriptext.tcl
WARNING: [IP_Flow 19-4832] The IP name 'gtwizard_ultrascale_0_vio_0' you have specified is long. The Windows operating system has path length limitations. It is recommended you use shorter names to reduce the likelihood of issues.
INFO: [IP_Flow 19-1686] Generating 'Instantiation Template' target for IP 'gtwizard_ultrascale_0_vio_0'...
INFO: [IP_Flow 19-1686] Generating 'Synthesis' target for IP 'gtwizard_ultrascale_0_vio_0'...
INFO: [IP_Flow 19-1686] Generating 'Simulation' target for IP 'gtwizard_ultrascale_0_vio_0'...
INFO: [IP_Flow 19-1686] Generating 'Change Log' target for IP 'gtwizard_ultrascale_0_vio_0'...
INFO: [open_example_project] Rebuilding top IP...
INFO: [Vivado 12-25919] Exporting simulation script for '' simulator
INFO: [exportsim-Tcl-40] Using compiled simulation libraries for IPs
INFO: [SIM-utils-72] Using boost library from 'D:/2025.2/Vivado/tps/boost_1_72_0'
INFO: [exportsim-Tcl-35] Exporting simulation files for "XSIM" (AMD Vivado Simulator)...
INFO: [exportsim-Tcl-29] Pre-compiled simulation library path: 'D:/2025.2/Vivado/data/xsim'
INFO: [exportsim-Tcl-29] Script generated: 'E:/Study/gtwizard_ultrascale_0_ex/gtwizard_ultrascale_0_ex.ip_user_files/sim_scripts/gtwizard_ultrascale_0/xsim/gtwizard_ultrascale_0.sh'
INFO: [SIM-utils-43] Exported 'E:/Study/gtwizard_ultrascale_0_ex/gtwizard_ultrascale_0_ex.ip_user_files/sim_scripts/gtwizard_ultrascale_0/xsim/gtwizard_ultrascale_0_sv.sveo'
INFO: [exportsim-Tcl-35] Exporting simulation files for "MODELSIM" (Siemens ModelSim Simulator)...
INFO: [exportsim-Tcl-29] Pre-compiled simulation library path: 'E:/Study/gtwizard_ultrascale_0_ex/gtwizard_ultrascale_0_ex.cache/compile_simlib/modelsim'
INFO: [SIM-utils-40] Using sources from the project IP version (pre-compiled version failed or does not exist) - gtwizard_ultrascale_v1_7_22
INFO: [exportsim-Tcl-29] Script generated: 'E:/Study/gtwizard_ultrascale_0_ex/gtwizard_ultrascale_0_ex.ip_user_files/sim_scripts/gtwizard_ultrascale_0/modelsim/gtwizard_ultrascale_0.sh'
INFO: [SIM-utils-43] Exported 'E:/Study/gtwizard_ultrascale_0_ex/gtwizard_ultrascale_0_ex.ip_user_files/sim_scripts/gtwizard_ultrascale_0/modelsim/gtwizard_ultrascale_0_sv.sveo'
INFO: [exportsim-Tcl-35] Exporting simulation files for "QUESTA" (Siemens Questa Advanced Simulator)...
INFO: [exportsim-Tcl-29] Pre-compiled simulation library path: 'E:/Study/gtwizard_ultrascale_0_ex/gtwizard_ultrascale_0_ex.cache/compile_simlib/questa'
INFO: [exportsim-Tcl-29] Script generated: 'E:/Study/gtwizard_ultrascale_0_ex/gtwizard_ultrascale_0_ex.ip_user_files/sim_scripts/gtwizard_ultrascale_0/questa/gtwizard_ultrascale_0.sh'
INFO: [SIM-utils-43] Exported 'E:/Study/gtwizard_ultrascale_0_ex/gtwizard_ultrascale_0_ex.ip_user_files/sim_scripts/gtwizard_ultrascale_0/questa/gtwizard_ultrascale_0_sv.sveo'
INFO: [exportsim-Tcl-35] Exporting simulation files for "RIVIERA" (Aldec Riviera-PRO Simulator)...
INFO: [exportsim-Tcl-29] Pre-compiled simulation library path: 'E:/Study/gtwizard_ultrascale_0_ex/gtwizard_ultrascale_0_ex.cache/compile_simlib/riviera'
INFO: [exportsim-Tcl-29] Script generated: 'E:/Study/gtwizard_ultrascale_0_ex/gtwizard_ultrascale_0_ex.ip_user_files/sim_scripts/gtwizard_ultrascale_0/riviera/gtwizard_ultrascale_0.sh'
INFO: [SIM-utils-43] Exported 'E:/Study/gtwizard_ultrascale_0_ex/gtwizard_ultrascale_0_ex.ip_user_files/sim_scripts/gtwizard_ultrascale_0/riviera/gtwizard_ultrascale_0_sv.sveo'
INFO: [exportsim-Tcl-35] Exporting simulation files for "ACTIVEHDL" (Aldec Active-HDL Simulator)...
INFO: [exportsim-Tcl-29] Pre-compiled simulation library path: 'E:/Study/gtwizard_ultrascale_0_ex/gtwizard_ultrascale_0_ex.cache/compile_simlib/activehdl'
INFO: [exportsim-Tcl-29] Script generated: 'E:/Study/gtwizard_ultrascale_0_ex/gtwizard_ultrascale_0_ex.ip_user_files/sim_scripts/gtwizard_ultrascale_0/activehdl/gtwizard_ultrascale_0.sh'
INFO: [SIM-utils-43] Exported 'E:/Study/gtwizard_ultrascale_0_ex/gtwizard_ultrascale_0_ex.ip_user_files/sim_scripts/gtwizard_ultrascale_0/activehdl/gtwizard_ultrascale_0_sv.sveo'
INFO: [Vivado 12-25919] Exporting simulation script for '' simulator
INFO: [exportsim-Tcl-40] Using compiled simulation libraries for IPs
INFO: [SIM-utils-72] Using boost library from 'D:/2025.2/Vivado/tps/boost_1_72_0'
INFO: [exportsim-Tcl-35] Exporting simulation files for "XSIM" (AMD Vivado Simulator)...
INFO: [exportsim-Tcl-29] Pre-compiled simulation library path: 'D:/2025.2/Vivado/data/xsim'
INFO: [exportsim-Tcl-29] Script generated: 'E:/Study/gtwizard_ultrascale_0_ex/gtwizard_ultrascale_0_ex.ip_user_files/sim_scripts/gtwizard_ultrascale_0_vio_0/xsim/gtwizard_ultrascale_0_vio_0.sh'
INFO: [SIM-utils-43] Exported 'E:/Study/gtwizard_ultrascale_0_ex/gtwizard_ultrascale_0_ex.ip_user_files/sim_scripts/gtwizard_ultrascale_0_vio_0/xsim/gtwizard_ultrascale_0_vio_0_sv.sveo'
INFO: [exportsim-Tcl-35] Exporting simulation files for "MODELSIM" (Siemens ModelSim Simulator)...
INFO: [exportsim-Tcl-29] Pre-compiled simulation library path: 'E:/Study/gtwizard_ultrascale_0_ex/gtwizard_ultrascale_0_ex.cache/compile_simlib/modelsim'
INFO: [exportsim-Tcl-29] Script generated: 'E:/Study/gtwizard_ultrascale_0_ex/gtwizard_ultrascale_0_ex.ip_user_files/sim_scripts/gtwizard_ultrascale_0_vio_0/modelsim/gtwizard_ultrascale_0_vio_0.sh'
INFO: [SIM-utils-43] Exported 'E:/Study/gtwizard_ultrascale_0_ex/gtwizard_ultrascale_0_ex.ip_user_files/sim_scripts/gtwizard_ultrascale_0_vio_0/modelsim/gtwizard_ultrascale_0_vio_0_sv.sveo'
INFO: [exportsim-Tcl-35] Exporting simulation files for "QUESTA" (Siemens Questa Advanced Simulator)...
INFO: [exportsim-Tcl-29] Pre-compiled simulation library path: 'E:/Study/gtwizard_ultrascale_0_ex/gtwizard_ultrascale_0_ex.cache/compile_simlib/questa'
INFO: [exportsim-Tcl-29] Script generated: 'E:/Study/gtwizard_ultrascale_0_ex/gtwizard_ultrascale_0_ex.ip_user_files/sim_scripts/gtwizard_ultrascale_0_vio_0/questa/gtwizard_ultrascale_0_vio_0.sh'
INFO: [SIM-utils-43] Exported 'E:/Study/gtwizard_ultrascale_0_ex/gtwizard_ultrascale_0_ex.ip_user_files/sim_scripts/gtwizard_ultrascale_0_vio_0/questa/gtwizard_ultrascale_0_vio_0_sv.sveo'
INFO: [exportsim-Tcl-35] Exporting simulation files for "RIVIERA" (Aldec Riviera-PRO Simulator)...
INFO: [exportsim-Tcl-29] Pre-compiled simulation library path: 'E:/Study/gtwizard_ultrascale_0_ex/gtwizard_ultrascale_0_ex.cache/compile_simlib/riviera'
INFO: [exportsim-Tcl-29] Script generated: 'E:/Study/gtwizard_ultrascale_0_ex/gtwizard_ultrascale_0_ex.ip_user_files/sim_scripts/gtwizard_ultrascale_0_vio_0/riviera/gtwizard_ultrascale_0_vio_0.sh'
INFO: [SIM-utils-43] Exported 'E:/Study/gtwizard_ultrascale_0_ex/gtwizard_ultrascale_0_ex.ip_user_files/sim_scripts/gtwizard_ultrascale_0_vio_0/riviera/gtwizard_ultrascale_0_vio_0_sv.sveo'
INFO: [exportsim-Tcl-35] Exporting simulation files for "ACTIVEHDL" (Aldec Active-HDL Simulator)...
INFO: [exportsim-Tcl-29] Pre-compiled simulation library path: 'E:/Study/gtwizard_ultrascale_0_ex/gtwizard_ultrascale_0_ex.cache/compile_simlib/activehdl'
INFO: [exportsim-Tcl-29] Script generated: 'E:/Study/gtwizard_ultrascale_0_ex/gtwizard_ultrascale_0_ex.ip_user_files/sim_scripts/gtwizard_ultrascale_0_vio_0/activehdl/gtwizard_ultrascale_0_vio_0.sh'
INFO: [SIM-utils-43] Exported 'E:/Study/gtwizard_ultrascale_0_ex/gtwizard_ultrascale_0_ex.ip_user_files/sim_scripts/gtwizard_ultrascale_0_vio_0/activehdl/gtwizard_ultrascale_0_vio_0_sv.sveo'
export_ip_user_files: Time (s): cpu = 00:00:34 ; elapsed = 00:00:27 . Memory (MB): peak = 1722.750 ; gain = 0.000
INFO: [open_example_project] Open Example Project completed
update_compile_order -fileset sources_1
ipx::package_project -root_dir e:/Study/gtwizard_ultrascale_0_ex/../ip_repo -vendor xilinx.com -library user -taxonomy /UserIP -import_files
WARNING: [IP_Flow 19-4963] gtwizard_ultrascale_0 has board value specified. The packaged IP will be restricted to usage with board 'xilinx.com:zcu106:part0:2.6'
WARNING: [IP_Flow 19-587] [HDL Parser] HDL port or parameter 'sm_link' has a dependency on the module local parameter or undefined parameter 'ST_LINK_DOWN'.
INFO: [IP_Flow 19-1842] HDL Parser: Found include file "src/gtwizard_ultrascale_0_example_wrapper_functions.v" from the top-level HDL file.
WARNING: [IP_Flow 19-11888] Component Definition 'xilinx.com:user:gtwizard_ultrascale_0_example_top:1.0 (gtwizard_ultrascale_0_example_top_v1_0)': IP description "gtwizard_ultrascale_0_example_top_v1_0" is not meaningful: same as name or display name
INFO: [IP_Flow 19-2181] Payment is not required for this core.
WARNING: [IP_Flow 19-2187] The Product Guide file is missing.
update_compile_order -fileset sources_1
ipx::merge_project_changes files [ipx::current_core]
WARNING: [IP_Flow 19-4963] gtwizard_ultrascale_0 has board value specified. The packaged IP will be restricted to usage with board 'xilinx.com:zcu106:part0:2.6'
ipx::update_checksums [ipx::current_core]
ipx::save_core [ipx::current_core]
set_property core_revision 2 [ipx::current_core]
ipx::create_xgui_files [ipx::current_core]
ipx::update_checksums [ipx::current_core]
ipx::check_integrity [ipx::current_core]
WARNING: [IP_Flow 19-11888] Component Definition 'xilinx.com:user:gtwizard_ultrascale_0_example_top:1.0 (gtwizard_ultrascale_0_example_top_v1_0)': IP description "gtwizard_ultrascale_0_example_top_v1_0" is not meaningful: same as name or display name
INFO: [IP_Flow 19-2181] Payment is not required for this core.
WARNING: [IP_Flow 19-2187] The Product Guide file is missing.
INFO: [Ipptcl 7-1486] check_integrity: Integrity check passed.
ipx::save_core [ipx::current_core]
set_property  ip_repo_paths  e:/Study/ip_repo [current_project]
update_ip_catalog
INFO: [IP_Flow 19-234] Refreshing IP repositories
INFO: [IP_Flow 19-1700] Loaded user IP repository 'e:/Study/ip_repo'.
set_property core_revision 3 [ipx::current_core]
ipx::create_xgui_files [ipx::current_core]
ipx::update_checksums [ipx::current_core]
ipx::check_integrity [ipx::current_core]
WARNING: [IP_Flow 19-11888] Component Definition 'xilinx.com:user:gtwizard_ultrascale_0_example_top:1.0 (gtwizard_ultrascale_0_example_top_v1_0)': IP description "gtwizard_ultrascale_0_example_top_v1_0" is not meaningful: same as name or display name
INFO: [IP_Flow 19-2181] Payment is not required for this core.
WARNING: [IP_Flow 19-2187] The Product Guide file is missing.
INFO: [Ipptcl 7-1486] check_integrity: Integrity check passed.
ipx::save_core [ipx::current_core]
update_ip_catalog -rebuild -repo_path e:/Study/ip_repo
INFO: [IP_Flow 19-725] Reloaded user IP repository 'e:/Study/ip_repo'
exit
INFO: [Common 17-206] Exiting Vivado at Mon Aug  3 07:01:09 2026...
